Collecting pyinstaller==6.22.2
  Using cached pyinstaller-6.22.2-py3-none-win_amd64.whl.metadata (8.5 kB)
Collecting pyside6==6.11.2
  Using cached pyside6-6.11.2-cp310-abi3-win_amd64.whl.metadata (5.4 kB)
Collecting altgraph (from pyinstaller==6.22.2)
  Using cached altgraph-0.17.5-py2.py3-none-any.whl.metadata (7.5 kB)
Collecting packaging>=22.0 (from pyinstaller==6.22.2)
  Using cached packaging-26.3-py3-none-any.whl.metadata (3.5 kB)
Collecting pefile>=2022.5.30 (from pyinstaller==6.22.2)
  Using cached pefile-2024.8.26-py3-none-any.whl.metadata (1.4 kB)
Collecting pyinstaller-hooks-contrib>=2026.6 (from pyinstaller==6.22.2)
  Using cached pyinstaller_hooks_contrib-2026.7-py3-none-any.whl.metadata (16 kB)
Collecting pywin32-ctypes>=0.2.1 (from pyinstaller==6.22.2)
  Using cached pywin32_ctypes-0.2.3-py3-none-any.whl.metadata (3.9 kB)
Collecting setuptools>=42.0.0 (from pyinstaller==6.22.2)
  Using cached setuptools-84.0.0-py3-none-any.whl.metadata (6.6 kB)
Collecting shiboken6==6.11.2 (from pyside6==6.11.2)
  Using cached shiboken6-6.11.2-cp310-abi3-win_amd64.whl.metadata (2.5 kB)
Collecting PySide6_Essentials==6.11.2 (from pyside6==6.11.2)
  Using cached pyside6_essentials-6.11.2-cp310-abi3-win_amd64.whl.metadata (3.8 kB)
Collecting PySide6_Addons==6.11.2 (from pyside6==6.11.2)
  Using cached pyside6_addons-6.11.2-cp310-abi3-win_amd64.whl.metadata (4.2 kB)
Using cached pyinstaller-6.22.2-py3-none-win_amd64.whl (1.4 MB)
Using cached pyside6-6.11.2-cp310-abi3-win_amd64.whl (578 kB)
Using cached pyside6_addons-6.11.2-cp310-abi3-win_amd64.whl (168.2 MB)
Using cached pyside6_essentials-6.11.2-cp310-abi3-win_amd64.whl (76.9 MB)
Using cached shiboken6-6.11.2-cp310-abi3-win_amd64.whl (1.2 MB)
Using cached packaging-26.3-py3-none-any.whl (129 kB)
Using cached pefile-2024.8.26-py3-none-any.whl (74 kB)
Using cached pyinstaller_hooks_contrib-2026.7-py3-none-any.whl (459 kB)
Using cached pywin32_ctypes-0.2.3-py3-none-any.whl (30 kB)
Using cached setuptools-84.0.0-py3-none-any.whl (818 kB)
Using cached altgraph-0.17.5-py2.py3-none-any.whl (21 kB)
Installing collected packages: altgraph, shiboken6, setuptools, pywin32-ctypes, pefile, packaging, PySide6_Essentials, pyinstaller-hooks-contrib, PySide6_Addons, pyinstaller, pyside6

Successfully installed PySide6_Addons-6.11.2 PySide6_Essentials-6.11.2 altgraph-0.17.5 packaging-26.3 pefile-2024.8.26 pyinstaller-6.22.2 pyinstaller-hooks-contrib-2026.7 pyside6-6.11.2 pywin32-ctypes-0.2.3 setuptools-84.0.0 shiboken6-6.11.2
